
> betterme@0.1.0 test:coverage
> vitest run --coverage


[1m[30m[46m RUN [49m[39m[22m [36mv4.1.4 [39m[90mD:/Projects/BetterMe[39m
      [2mCoverage enabled with [22m[33mv8[39m

 [32mÔ£ô[39m src/__tests__/lib/analytics-calculations.test.ts [2m([22m[2m22 tests[22m[2m)[22m[32m 13[2mms[22m[39m
 [32mÔ£ô[39m src/__tests__/hooks/use-weight.test.ts [2m([22m[2m20 tests[22m[2m)[22m[32m 17[2mms[22m[39m
 [32mÔ£ô[39m src/__tests__/lib/validation.test.ts [2m([22m[2m66 tests[22m[2m)[22m[32m 14[2mms[22m[39m
 [32mÔ£ô[39m src/__tests__/hooks/use-reminder-scheduler.test.ts [2m([22m[2m20 tests[22m[2m)[22m[32m 86[2mms[22m[39m
 [32mÔ£ô[39m src/__tests__/components/ui/badge.test.tsx [2m([22m[2m7 tests[22m[2m)[22m[32m 79[2mms[22m[39m
 [32mÔ£ô[39m src/__tests__/components/ui/label.test.tsx [2m([22m[2m10 tests[22m[2m)[22m[32m 75[2mms[22m[39m
 [32mÔ£ô[39m src/__tests__/components/ui/card.test.tsx [2m([22m[2m12 tests[22m[2m)[22m[32m 93[2mms[22m[39m
 [32mÔ£ô[39m src/__tests__/components/ui/separator.test.tsx [2m([22m[2m5 tests[22m[2m)[22m[32m 63[2mms[22m[39m
 [32mÔ£ô[39m src/__tests__/components/ui/progress.test.tsx [2m([22m[2m18 tests[22m[2m)[22m[32m 212[2mms[22m[39m
 [32mÔ£ô[39m src/__tests__/components/todos/category-badge.test.tsx [2m([22m[2m14 tests[22m[2m)[22m[32m 148[2mms[22m[39m
 [32mÔ£ô[39m src/__tests__/hooks/use-notifications.test.ts [2m([22m[2m13 tests[22m[2m)[22m[32m 168[2mms[22m[39m
node.exe : [90mstderr[2m | src/__tests__/components/ui/button.test.tsx[2m > 
[22m[2mButton Component[2m > [22m[2mshould support asChild prop
At line:1 char:1
+ & "C:\Program Files\nodejs/node.exe" "C:\Program Files\nodejs/node_mo ...
+ ~~~~~~~~~~~~~~~~~~~~~~~~~~~~~~~~~~~~~~~~~~~~~~~~~~~~~~~~~~~~~~~~~~~~~
    + CategoryInfo          : NotSpecified: ([90mstderr[2m...rt asChild prop 
   :String) [], RemoteException
    + FullyQualifiedErrorId : NativeCommandError
 
[22m[39mReact does not recognize the `asChild` prop on a DOM element. If you 
intentionally want it to appear in the DOM as a custom attribute, spell it as 
lowercase `aschild` instead. If you accidentally passed it from a parent 
component, remove it from the DOM element.

 [32mÔ£ô[39m src/__tests__/components/ui/button.test.tsx [2m([22m[2m7 tests[22m[2m)[22m[33m 402[2mms[22m[39m
 [32mÔ£ô[39m src/__tests__/components/ui/checkbox.test.tsx [2m([22m[2m9 tests[22m[2m)[22m[33m 608[2mms[22m[39m
 [32mÔ£ô[39m src/__tests__/components/ui/input.test.tsx [2m([22m[2m11 tests[22m[2m)[22m[33m 670[2mms[22m[39m
 [32mÔ£ô[39m src/__tests__/components/ui/textarea.test.tsx [2m([22m[2m10 tests[22m[2m)[22m[33m 995[2mms[22m[39m
     [33m[2mÔ£ô[22m[39m should handle text input [33m 435[2mms[22m[39m
     [33m[2mÔ£ô[22m[39m should handle multiline text [33m 370[2mms[22m[39m
 [32mÔ£ô[39m src/__tests__/components/todos/todo-card.test.tsx [2m([22m[2m23 tests[22m[2m)[22m[33m 468[2mms[22m[39m
 [32mÔ£ô[39m src/__tests__/lib/guest-storage.test.ts [2m([22m[2m52 tests[22m[2m)[22m[32m 40[2mms[22m[39m
 [32mÔ£ô[39m src/__tests__/components/analytics/streak-card.test.tsx [2m([22m[2m10 tests[22m[2m)[22m[32m 108[2mms[22m[39m
 [32mÔ£ô[39m src/__tests__/hooks/use-analytics.test.ts [2m([22m[2m26 tests[22m[2m)[22m[32m 7[2mms[22m[39m
 [32mÔ£ô[39m src/__tests__/lib/utils.test.ts [2m([22m[2m5 tests[22m[2m)[22m[32m 10[2mms[22m[39m
 [32mÔ£ô[39m src/__tests__/lib/constants.test.ts [2m([22m[2m17 tests[22m[2m)[22m[32m 8[2mms[22m[39m
 [31mÔØ»[39m src/__tests__/components/weight/weight-summary-card.test.tsx [2m([22m[2m11 tests[22m[2m | [22m[31m1 failed[39m[2m)[22m[32m 85[2mms[22m[39m
[31m     [31m├ù[31m should render skeleton while loading[39m[32m 30[2mms[22m[39m
     [32mÔ£ô[39m should render weight data when loaded[32m 17[2mms[22m[39m
     [32mÔ£ô[39m should display latest weight entry[32m 6[2mms[22m[39m
     [32mÔ£ô[39m should show weight change delta[32m 3[2mms[22m[39m
     [32mÔ£ô[39m should handle single weight entry without delta[32m 3[2mms[22m[39m
     [32mÔ£ô[39m should handle empty entries[32m 3[2mms[22m[39m
     [32mÔ£ô[39m should display unit in weight text[32m 3[2mms[22m[39m
     [32mÔ£ô[39m should show add weight button[32m 4[2mms[22m[39m
     [32mÔ£ô[39m should format date correctly[32m 5[2mms[22m[39m
     [32mÔ£ô[39m should handle weight gain (positive delta)[32m 4[2mms[22m[39m
     [32mÔ£ô[39m should call useWeightEntries with correct limit[32m 5[2mms[22m[39m
 [32mÔ£ô[39m src/__tests__/stores/app-store.test.ts [2m([22m[2m20 tests[22m[2m)[22m[32m 6[2mms[22m[39m
 [32mÔ£ô[39m src/__tests__/hooks/use-categories.test.ts [2m([22m[2m20 tests[22m[2m)[22m[32m 8[2mms[22m[39m
 [32mÔ£ô[39m src/__tests__/COVERAGE_STRATEGY.test.ts [2m([22m[2m1 test[22m[2m)[22m[32m 4[2mms[22m[39m
 [32mÔ£ô[39m src/__tests__/hooks/use-todos.test.ts [2m([22m[2m19 tests[22m[2m)[22m[32m 7[2mms[22m[39m

[31mÔÄ»ÔÄ»ÔÄ»ÔÄ»ÔÄ»ÔÄ»ÔÄ»[39m[1m[41m Failed Tests 1 
[49m[22m[31mÔÄ»ÔÄ»ÔÄ»ÔÄ»ÔÄ»ÔÄ»ÔÄ»[39m

[41m[1m FAIL [22m[49m 
src/__tests__/components/weight/weight-summary-card.test.tsx[2m > 
[22mWeightSummaryCard[2m > [22mshould render skeleton while loading
[31m[1mError[22m: 
[2mexpect([22m[31mreceived[31m[2m).toBeInTheDocument()[22m

[31mreceived[31m value must be an HTMLElement or an SVGElement.
Received has type:  Null
Received has value: [31mnull[31m[39m
[36m [2mÔØ»[22m src/__tests__/components/weight/weight-summary-card.test.tsx
:[2m26:60[22m[39m
    [90m 24|[39m     [35mconst[39m { container } [33m=[39m 
[34mrender[39m([33m<[39m[33mWeightSummaryCard[39m 
[33m/[39m[33m>[39m)[33m;[39m
    [90m 25|[39m     [90m// Should render loading skeleton[39m
    [90m 26|[39m     
expect(container.querySelector('[class*="skeleton"]')).toBeInTheDoÔÇª
    [90m   |[39m                                                            
[31m^[39m
    [90m 27|[39m   })[33m;[39m
    [90m 28|[39m

[31m[2mÔÄ»ÔÄ»ÔÄ»ÔÄ»ÔÄ»ÔÄ»ÔÄ»ÔÄ»ÔÄ»ÔÄ»ÔÄ»ÔÄ»ÔÄ»ÔÄ»ÔÄ»ÔÄ»ÔÄ»ÔÄ»ÔÄ»ÔÄ»ÔÄ»ÔÄ»ÔÄ»Ô
Ä»[1/1]ÔÄ»[22m[39m


[2m Test Files [22m [1m[31m1 failed[39m[22m[2m | [22m[1m[32m25 passed[39m[22m[90m (26)[39m
[2m      Tests [22m [1m[31m1 failed[39m[22m[2m | [22m[1m[32m447 passed[39m[22m[90m (448)[39m
[2m   Start at [22m 18:17:59
[2m   Duration [22m 5.77s[2m (transform 2.19s, setup 11.95s, import 10.34s, tests 4.39s, environment 39.47s)[22m

[34m % [39m[2mCoverage report from [22m[33mv8[39m
-------------------|---------|----------|---------|---------|-------------------
File               | % Stmts | % Branch | % Funcs | % Lines | Uncovered Line #s 
-------------------|---------|----------|---------|---------|-------------------
All files          |   66.48 |     57.1 |   62.74 |   68.39 |                   
 ...ents/analytics |     100 |      100 |     100 |     100 |                   
  streak-card.tsx  |     100 |      100 |     100 |     100 |                   
 components/todos  |   85.36 |    83.67 |   63.63 |   86.84 |                   
  ...ory-badge.tsx |     100 |      100 |     100 |     100 |                   
  todo-card.tsx    |   82.85 |    81.39 |      60 |   84.84 | 79-82,145-172     
 components/ui     |   79.48 |       75 |      75 |   79.48 |                   
  alert-dialog.tsx |   38.46 |    33.33 |   33.33 |   38.46 | 29,68-164         
  badge.tsx        |     100 |      100 |     100 |     100 |                   
  button.tsx       |     100 |      100 |     100 |     100 |                   
  card.tsx         |     100 |      100 |     100 |     100 |                   
  checkbox.tsx     |     100 |      100 |     100 |     100 |                   
  input.tsx        |     100 |      100 |     100 |     100 |                   
  label.tsx        |     100 |      100 |     100 |     100 |                   
  progress.tsx     |     100 |      100 |     100 |     100 |                   
  separator.tsx    |     100 |      100 |     100 |     100 |                   
  skeleton.tsx     |     100 |      100 |     100 |     100 |                   
  textarea.tsx     |     100 |      100 |     100 |     100 |                   
 components/weight |      90 |    88.88 |      50 |      90 |                   
  ...mary-card.tsx |      90 |    88.88 |      50 |      90 | 91                
 hooks             |   23.85 |    21.46 |    14.7 |   25.41 |                   
  use-analytics.ts |     2.5 |        0 |       0 |    2.85 | 21-186            
  ...ifications.ts |   83.87 |       60 |     100 |   86.66 | 23-24,34-35       
  ...-scheduler.ts |   78.57 |       68 |   66.66 |   80.95 | 7-8,48-49         
  use-todos.ts     |   15.84 |    20.22 |     3.7 |   17.07 | 37,43-270         
  use-weight.ts    |    4.44 |        0 |       0 |     5.4 | 17-122            
 lib               |   97.27 |    88.28 |    93.9 |   97.29 |                   
  constants.ts     |     100 |      100 |     100 |     100 |                   
  guest-storage.ts |   92.85 |    79.45 |   85.71 |   92.72 | 27,58-68          
  utils.ts         |     100 |      100 |     100 |     100 |                   
  validation.ts    |     100 |      100 |     100 |     100 |                   
 lib/supabase      |     100 |      100 |     100 |     100 |                   
  client.ts        |     100 |      100 |     100 |     100 |                   
 stores            |     100 |      100 |     100 |     100 |                   
  app-store.ts     |     100 |      100 |     100 |     100 |                   
-------------------|---------|----------|---------|---------|-------------------
